2025-03-06 02:12:40,477 - INFO - 🚀 Bot khởi động vào: 06/03/2025 09:12:40
2025-03-06 02:12:40,477 - INFO - Không tìm thấy file dữ liệu người dùng, tạo danh sách mới
2025-03-06 02:12:40,477 - INFO - 🔄 Khởi tạo phiên đăng nhập TTVU ban đầu...
2025-03-06 02:12:40,477 - INFO - 📝 Bắt đầu quá trình đăng nhập TTVU...
2025-03-06 02:12:40,788 - INFO - ✅ Đăng nhập TTVU thành công!
2025-03-06 02:14:42,613 - CRITICAL - ❌ TELEGRAM_TOKEN không được cung cấp. Hãy thiết lập biến môi trường TELEGRAM_TOKEN.
2025-03-06 02:15:28,554 - INFO - 🚀 Bot khởi động vào: 06/03/2025 09:15:28
2025-03-06 02:15:28,554 - INFO - Không tìm thấy file dữ liệu người dùng, tạo danh sách mới
2025-03-06 02:15:28,554 - INFO - 🔄 Khởi tạo phiên đăng nhập TTVU ban đầu...
2025-03-06 02:15:28,554 - INFO - 📝 Bắt đầu quá trình đăng nhập TTVU...
2025-03-06 02:15:28,880 - INFO - ✅ Đăng nhập TTVU thành công!
2025-03-06 02:15:29,536 - INFO - 🚀 Bot Telegram đã khởi động!
2025-03-06 02:15:29,537 - INFO - 🚀 Tất cả các tác vụ đã được khởi động!
2025-03-06 02:16:03,467 - INFO - 📝 Bắt đầu quá trình đăng nhập TTVU...
2025-03-06 02:16:03,743 - INFO - ✅ Đăng nhập TTVU thành công!
2025-03-06 02:17:04,318 - INFO - 🚀 Bot khởi động vào: 06/03/2025 09:17:04
2025-03-06 02:17:04,318 - INFO - Không tìm thấy file dữ liệu người dùng, tạo danh sách mới
2025-03-06 02:17:04,318 - INFO - 🔄 Khởi tạo phiên đăng nhập TTVU ban đầu...
2025-03-06 02:17:04,318 - INFO - 📝 Bắt đầu quá trình đăng nhập TTVU...
2025-03-06 02:17:04,632 - INFO - ✅ Đăng nhập TTVU thành công!
2025-03-06 02:17:05,335 - INFO - 🚀 Bot Telegram đã khởi động!
2025-03-06 02:17:05,336 - INFO - 🚀 Tất cả các tác vụ đã được khởi động!
2025-03-06 02:17:13,419 - INFO - 📝 Bắt đầu quá trình đăng nhập TTVU...
2025-03-06 02:17:13,642 - INFO - ✅ Đăng nhập TTVU thành công!
2025-03-06 02:22:36,595 - INFO - Đã lưu danh sách 0 người dùng đăng ký
2025-03-06 02:22:37,610 - INFO - 🚀 Bot khởi động vào: 06/03/2025 09:22:37
2025-03-06 02:22:37,610 - INFO - Đã tải 0 người dùng đã đăng ký từ file
2025-03-06 02:22:37,610 - INFO - 🔄 Khởi tạo phiên đăng nhập TTVU ban đầu...
2025-03-06 02:22:37,611 - INFO - 📝 Bắt đầu quá trình đăng nhập TTVU...
2025-03-06 02:22:37,835 - INFO - ✅ Đăng nhập TTVU thành công!
2025-03-06 02:22:38,492 - INFO - 🚀 Bot Telegram đã khởi động!
2025-03-06 02:22:38,493 - INFO - 🚀 Tất cả các tác vụ đã được khởi động!
2025-03-06 02:22:50,823 - INFO - 📝 Bắt đầu quá trình đăng nhập TTVU...
2025-03-06 02:22:51,092 - INFO - ✅ Đăng nhập TTVU thành công!
2025-03-06 02:23:10,712 - INFO - 📝 Bắt đầu quá trình đăng nhập TTVU...
2025-03-06 02:23:10,926 - INFO - ✅ Đăng nhập TTVU thành công!
2025-03-06 02:23:29,471 - INFO - 📝 Bắt đầu quá trình đăng nhập TTVU...
2025-03-06 02:23:29,743 - INFO - ✅ Đăng nhập TTVU thành công!
2025-03-06 02:23:32,742 - INFO - 📝 Bắt đầu quá trình đăng nhập TTVU...
2025-03-06 02:23:33,073 - INFO - ✅ Đăng nhập TTVU thành công!
2025-03-06 02:23:39,931 - INFO - 📝 Bắt đầu quá trình đăng nhập TTVU...
2025-03-06 02:23:40,236 - INFO - ✅ Đăng nhập TTVU thành công!
2025-03-06 02:28:03,214 - INFO - Đã lưu danh sách 0 người dùng đăng ký
2025-03-06 02:28:04,153 - INFO - 🚀 Bot khởi động vào: 06/03/2025 09:28:04
2025-03-06 02:28:04,153 - INFO - Đã tải 0 người dùng đã đăng ký từ file
2025-03-06 02:28:04,153 - INFO - 🔄 Khởi tạo phiên đăng nhập TTVU ban đầu...
2025-03-06 02:28:04,153 - INFO - 📝 Bắt đầu quá trình đăng nhập TTVU...
2025-03-06 02:28:04,352 - INFO - ✅ Đăng nhập TTVU thành công!
2025-03-06 02:28:05,009 - INFO - 🚀 Bot Telegram đã khởi động!
2025-03-06 02:28:05,009 - INFO - 🚀 Tất cả các tác vụ đã được khởi động!
2025-03-06 02:28:13,949 - INFO - Phiên đăng nhập không hợp lệ, đang đăng nhập lại...
2025-03-06 02:28:13,950 - INFO - 📝 Bắt đầu quá trình đăng nhập TTVU...
2025-03-06 02:28:14,208 - INFO - ✅ Đăng nhập TTVU thành công!
2025-03-06 02:28:29,319 - INFO - Phiên đăng nhập không hợp lệ, đang đăng nhập lại...
2025-03-06 02:28:29,319 - INFO - 📝 Bắt đầu quá trình đăng nhập TTVU...
2025-03-06 02:28:29,536 - INFO - ✅ Đăng nhập TTVU thành công!
2025-03-06 02:33:32,899 - INFO - Đang dừng tác vụ: refresh_token
2025-03-06 02:33:32,900 - INFO - Đang dừng tác vụ: save_users
2025-03-06 02:33:32,901 - INFO - Đang dừng tác vụ: reminder
2025-03-06 02:33:32,901 - INFO - Đã lưu danh sách 0 người dùng đăng ký
2025-03-06 02:33:32,901 - INFO - Đang dừng bot Telegram...
2025-03-06 02:33:33,552 - INFO - Bot đã dừng hoàn toàn. Tạm biệt!
2025-03-06 02:33:35,312 - INFO - Mức độ log: DEBUG
2025-03-06 02:33:35,598 - INFO - 🚀 Bot khởi động vào: 06/03/2025 09:33:35
2025-03-06 02:33:35,600 - INFO - Đã tải 0 người dùng đã đăng ký từ file
2025-03-06 02:33:35,601 - INFO - 🔄 Khởi tạo phiên đăng nhập TTVU ban đầu...
2025-03-06 02:33:35,601 - DEBUG - Tạo session HTTP mới
2025-03-06 02:33:35,601 - INFO - 📝 Bắt đầu quá trình đăng nhập TTVU...
2025-03-06 02:33:36,049 - INFO - ✅ Đăng nhập TTVU thành công! (thời gian: 09:33:36)
2025-03-06 02:33:36,777 - INFO - 🚀 Bot Telegram đã khởi động!
2025-03-06 02:33:36,778 - INFO - 🚀 Tất cả các tác vụ đã được khởi động!
2025-03-06 02:33:54,214 - DEBUG - Sử dụng phiên đăng nhập hiện có cho yêu cầu TKB
2025-03-06 02:33:54,214 - DEBUG - Gửi yêu cầu lấy thời khóa biểu
2025-03-06 02:33:55,818 - DEBUG - Đã nhận được dữ liệu thời khóa biểu thành công
2025-03-06 02:33:55,821 - DEBUG - So sánh ngày: Yêu cầu=2025-03-06, Môn học=2024-09-04T00:00:00
2025-03-06 02:33:55,821 - DEBUG - So sánh ngày: Yêu cầu=2025-03-06, Môn học=2024-09-05T00:00:00
2025-03-06 02:33:55,821 - DEBUG - So sánh ngày: Yêu cầu=2025-03-06, Môn học=2024-09-06T00:00:00
2025-03-06 02:33:55,821 - DEBUG - So sánh ngày: Yêu cầu=2025-03-06, Môn học=2024-09-10T00:00:00
2025-03-06 02:33:55,821 - DEBUG - So sánh ngày: Yêu cầu=2025-03-06, Môn học=2024-09-10T00:00:00
2025-03-06 02:33:55,822 - DEBUG - So sánh ngày: Yêu cầu=2025-03-06, Môn học=2024-09-11T00:00:00
2025-03-06 02:33:55,822 - DEBUG - So sánh ngày: Yêu cầu=2025-03-06, Môn học=2024-09-12T00:00:00
2025-03-06 02:33:55,822 - DEBUG - So sánh ngày: Yêu cầu=2025-03-06, Môn học=2024-09-13T00:00:00
2025-03-06 02:33:55,822 - DEBUG - So sánh ngày: Yêu cầu=2025-03-06, Môn học=2024-09-17T00:00:00
2025-03-06 02:33:55,822 - DEBUG - So sánh ngày: Yêu cầu=2025-03-06, Môn học=2024-09-17T00:00:00
2025-03-06 02:33:55,822 - DEBUG - So sánh ngày: Yêu cầu=2025-03-06, Môn học=2024-09-18T00:00:00
2025-03-06 02:33:55,822 - DEBUG - So sánh ngày: Yêu cầu=2025-03-06, Môn học=2024-09-19T00:00:00
2025-03-06 02:33:55,823 - DEBUG - So sánh ngày: Yêu cầu=2025-03-06, Môn học=2024-09-20T00:00:00
2025-03-06 02:33:55,823 - DEBUG - So sánh ngày: Yêu cầu=2025-03-06, Môn học=2024-09-24T00:00:00
2025-03-06 02:33:55,823 - DEBUG - So sánh ngày: Yêu cầu=2025-03-06, Môn học=2024-09-24T00:00:00
2025-03-06 02:33:55,823 - DEBUG - So sánh ngày: Yêu cầu=2025-03-06, Môn học=2024-09-25T00:00:00
2025-03-06 02:33:55,823 - DEBUG - So sánh ngày: Yêu cầu=2025-03-06, Môn học=2024-09-25T00:00:00
2025-03-06 02:33:55,823 - DEBUG - So sánh ngày: Yêu cầu=2025-03-06, Môn học=2024-09-26T00:00:00
2025-03-06 02:33:55,823 - DEBUG - So sánh ngày: Yêu cầu=2025-03-06, Môn học=2024-09-27T00:00:00
2025-03-06 02:33:55,824 - DEBUG - So sánh ngày: Yêu cầu=2025-03-06, Môn học=2024-10-01T00:00:00
2025-03-06 02:33:55,824 - DEBUG - So sánh ngày: Yêu cầu=2025-03-06, Môn học=2024-10-01T00:00:00
2025-03-06 02:33:55,824 - DEBUG - So sánh ngày: Yêu cầu=2025-03-06, Môn học=2024-10-02T00:00:00
2025-03-06 02:33:55,824 - DEBUG - So sánh ngày: Yêu cầu=2025-03-06, Môn học=2024-10-02T00:00:00
2025-03-06 02:33:55,824 - DEBUG - So sánh ngày: Yêu cầu=2025-03-06, Môn học=2024-10-03T00:00:00
2025-03-06 02:33:55,824 - DEBUG - So sánh ngày: Yêu cầu=2025-03-06, Môn học=2024-10-03T00:00:00
2025-03-06 02:33:55,825 - DEBUG - So sánh ngày: Yêu cầu=2025-03-06, Môn học=2024-10-04T00:00:00
2025-03-06 02:33:55,825 - DEBUG - So sánh ngày: Yêu cầu=2025-03-06, Môn học=2024-10-08T00:00:00
2025-03-06 02:33:55,825 - DEBUG - So sánh ngày: Yêu cầu=2025-03-06, Môn học=2024-10-08T00:00:00
2025-03-06 02:33:55,825 - DEBUG - So sánh ngày: Yêu cầu=2025-03-06, Môn học=2024-10-09T00:00:00
2025-03-06 02:33:55,825 - DEBUG - So sánh ngày: Yêu cầu=2025-03-06, Môn học=2024-10-09T00:00:00
2025-03-06 02:33:55,825 - DEBUG - So sánh ngày: Yêu cầu=2025-03-06, Môn học=2024-10-10T00:00:00
2025-03-06 02:33:55,825 - DEBUG - So sánh ngày: Yêu cầu=2025-03-06, Môn học=2024-10-10T00:00:00
2025-03-06 02:33:55,825 - DEBUG - So sánh ngày: Yêu cầu=2025-03-06, Môn học=2024-10-11T00:00:00
2025-03-06 02:33:55,826 - DEBUG - So sánh ngày: Yêu cầu=2025-03-06, Môn học=2024-10-15T00:00:00
2025-03-06 02:33:55,826 - DEBUG - So sánh ngày: Yêu cầu=2025-03-06, Môn học=2024-10-15T00:00:00
2025-03-06 02:33:55,826 - DEBUG - So sánh ngày: Yêu cầu=2025-03-06, Môn học=2024-10-16T00:00:00
2025-03-06 02:33:55,826 - DEBUG - So sánh ngày: Yêu cầu=2025-03-06, Môn học=2024-10-16T00:00:00
2025-03-06 02:33:55,826 - DEBUG - So sánh ngày: Yêu cầu=2025-03-06, Môn học=2024-10-17T00:00:00
2025-03-06 02:33:55,826 - DEBUG - So sánh ngày: Yêu cầu=2025-03-06, Môn học=2024-10-17T00:00:00
2025-03-06 02:33:55,826 - DEBUG - So sánh ngày: Yêu cầu=2025-03-06, Môn học=2024-10-18T00:00:00
2025-03-06 02:33:55,827 - DEBUG - So sánh ngày: Yêu cầu=2025-03-06, Môn học=2024-10-22T00:00:00
2025-03-06 02:33:55,827 - DEBUG - So sánh ngày: Yêu cầu=2025-03-06, Môn học=2024-10-22T00:00:00
2025-03-06 02:33:55,827 - DEBUG - So sánh ngày: Yêu cầu=2025-03-06, Môn học=2024-10-23T00:00:00
2025-03-06 02:33:55,827 - DEBUG - So sánh ngày: Yêu cầu=2025-03-06, Môn học=2024-10-23T00:00:00
2025-03-06 02:33:55,827 - DEBUG - So sánh ngày: Yêu cầu=2025-03-06, Môn học=2024-10-24T00:00:00
2025-03-06 02:33:55,827 - DEBUG - So sánh ngày: Yêu cầu=2025-03-06, Môn học=2024-10-24T00:00:00
2025-03-06 02:33:55,828 - DEBUG - So sánh ngày: Yêu cầu=2025-03-06, Môn học=2024-10-25T00:00:00
2025-03-06 02:33:55,828 - DEBUG - So sánh ngày: Yêu cầu=2025-03-06, Môn học=2024-10-29T00:00:00
2025-03-06 02:33:55,828 - DEBUG - So sánh ngày: Yêu cầu=2025-03-06, Môn học=2024-10-29T00:00:00
2025-03-06 02:33:55,828 - DEBUG - So sánh ngày: Yêu cầu=2025-03-06, Môn học=2024-10-30T00:00:00
2025-03-06 02:33:55,828 - DEBUG - So sánh ngày: Yêu cầu=2025-03-06, Môn học=2024-10-30T00:00:00
2025-03-06 02:33:55,828 - DEBUG - So sánh ngày: Yêu cầu=2025-03-06, Môn học=2024-10-31T00:00:00
2025-03-06 02:33:55,828 - DEBUG - So sánh ngày: Yêu cầu=2025-03-06, Môn học=2024-10-31T00:00:00
2025-03-06 02:33:55,829 - DEBUG - So sánh ngày: Yêu cầu=2025-03-06, Môn học=2024-11-01T00:00:00
2025-03-06 02:33:55,829 - DEBUG - So sánh ngày: Yêu cầu=2025-03-06, Môn học=2024-11-05T00:00:00
2025-03-06 02:33:55,829 - DEBUG - So sánh ngày: Yêu cầu=2025-03-06, Môn học=2024-11-05T00:00:00
2025-03-06 02:33:55,829 - DEBUG - So sánh ngày: Yêu cầu=2025-03-06, Môn học=2024-11-06T00:00:00
2025-03-06 02:33:55,829 - DEBUG - So sánh ngày: Yêu cầu=2025-03-06, Môn học=2024-11-06T00:00:00
2025-03-06 02:33:55,829 - DEBUG - So sánh ngày: Yêu cầu=2025-03-06, Môn học=2024-11-07T00:00:00
2025-03-06 02:33:55,829 - DEBUG - So sánh ngày: Yêu cầu=2025-03-06, Môn học=2024-11-07T00:00:00
2025-03-06 02:33:55,830 - DEBUG - So sánh ngày: Yêu cầu=2025-03-06, Môn học=2024-11-08T00:00:00
2025-03-06 02:33:55,830 - DEBUG - So sánh ngày: Yêu cầu=2025-03-06, Môn học=2024-11-12T00:00:00
2025-03-06 02:33:55,830 - DEBUG - So sánh ngày: Yêu cầu=2025-03-06, Môn học=2024-11-12T00:00:00
2025-03-06 02:33:55,830 - DEBUG - So sánh ngày: Yêu cầu=2025-03-06, Môn học=2024-11-13T00:00:00
2025-03-06 02:33:55,830 - DEBUG - So sánh ngày: Yêu cầu=2025-03-06, Môn học=2024-11-13T00:00:00
2025-03-06 02:33:55,830 - DEBUG - So sánh ngày: Yêu cầu=2025-03-06, Môn học=2024-11-14T00:00:00
2025-03-06 02:33:55,830 - DEBUG - So sánh ngày: Yêu cầu=2025-03-06, Môn học=2024-11-14T00:00:00
2025-03-06 02:33:55,831 - DEBUG - So sánh ngày: Yêu cầu=2025-03-06, Môn học=2024-11-15T00:00:00
2025-03-06 02:33:55,831 - DEBUG - So sánh ngày: Yêu cầu=2025-03-06, Môn học=2024-11-19T00:00:00
2025-03-06 02:33:55,831 - DEBUG - So sánh ngày: Yêu cầu=2025-03-06, Môn học=2024-11-19T00:00:00
2025-03-06 02:33:55,831 - DEBUG - So sánh ngày: Yêu cầu=2025-03-06, Môn học=2024-11-20T00:00:00
2025-03-06 02:33:55,831 - DEBUG - So sánh ngày: Yêu cầu=2025-03-06, Môn học=2024-11-20T00:00:00
2025-03-06 02:33:55,831 - DEBUG - So sánh ngày: Yêu cầu=2025-03-06, Môn học=2024-11-21T00:00:00
2025-03-06 02:33:55,831 - DEBUG - So sánh ngày: Yêu cầu=2025-03-06, Môn học=2024-11-21T00:00:00
2025-03-06 02:33:55,832 - DEBUG - So sánh ngày: Yêu cầu=2025-03-06, Môn học=2024-11-22T00:00:00
2025-03-06 02:33:55,832 - DEBUG - So sánh ngày: Yêu cầu=2025-03-06, Môn học=2024-11-26T00:00:00
2025-03-06 02:33:55,832 - DEBUG - So sánh ngày: Yêu cầu=2025-03-06, Môn học=2024-11-26T00:00:00
2025-03-06 02:33:55,832 - DEBUG - So sánh ngày: Yêu cầu=2025-03-06, Môn học=2024-11-27T00:00:00
2025-03-06 02:33:55,832 - DEBUG - So sánh ngày: Yêu cầu=2025-03-06, Môn học=2024-11-27T00:00:00
2025-03-06 02:33:55,832 - DEBUG - So sánh ngày: Yêu cầu=2025-03-06, Môn học=2024-11-28T00:00:00
2025-03-06 02:33:55,833 - DEBUG - So sánh ngày: Yêu cầu=2025-03-06, Môn học=2024-11-28T00:00:00
2025-03-06 02:33:55,833 - DEBUG - So sánh ngày: Yêu cầu=2025-03-06, Môn học=2024-11-29T00:00:00
2025-03-06 02:33:55,833 - DEBUG - So sánh ngày: Yêu cầu=2025-03-06, Môn học=2024-12-03T00:00:00
2025-03-06 02:33:55,833 - DEBUG - So sánh ngày: Yêu cầu=2025-03-06, Môn học=2024-12-04T00:00:00
2025-03-06 02:33:55,833 - DEBUG - So sánh ngày: Yêu cầu=2025-03-06, Môn học=2024-12-04T00:00:00
2025-03-06 02:33:55,833 - DEBUG - So sánh ngày: Yêu cầu=2025-03-06, Môn học=2024-12-05T00:00:00
2025-03-06 02:33:55,833 - DEBUG - So sánh ngày: Yêu cầu=2025-03-06, Môn học=2024-12-05T00:00:00
2025-03-06 02:33:55,834 - DEBUG - So sánh ngày: Yêu cầu=2025-03-06, Môn học=2024-12-06T00:00:00
2025-03-06 02:33:55,834 - DEBUG - So sánh ngày: Yêu cầu=2025-03-06, Môn học=2024-12-10T00:00:00
2025-03-06 02:33:55,834 - DEBUG - So sánh ngày: Yêu cầu=2025-03-06, Môn học=2024-12-11T00:00:00
2025-03-06 02:33:55,834 - DEBUG - So sánh ngày: Yêu cầu=2025-03-06, Môn học=2024-12-11T00:00:00
2025-03-06 02:33:55,834 - DEBUG - So sánh ngày: Yêu cầu=2025-03-06, Môn học=2024-12-12T00:00:00
2025-03-06 02:33:55,834 - DEBUG - So sánh ngày: Yêu cầu=2025-03-06, Môn học=2024-12-12T00:00:00
2025-03-06 02:33:55,835 - DEBUG - So sánh ngày: Yêu cầu=2025-03-06, Môn học=2024-12-13T00:00:00
2025-03-06 02:33:55,835 - DEBUG - So sánh ngày: Yêu cầu=2025-03-06, Môn học=2024-12-17T00:00:00
2025-03-06 02:33:55,835 - DEBUG - So sánh ngày: Yêu cầu=2025-03-06, Môn học=2024-12-18T00:00:00
2025-03-06 02:33:55,835 - DEBUG - So sánh ngày: Yêu cầu=2025-03-06, Môn học=2024-12-19T00:00:00
2025-03-06 02:33:55,835 - DEBUG - So sánh ngày: Yêu cầu=2025-03-06, Môn học=2024-12-20T00:00:00
2025-03-06 02:33:55,835 - DEBUG - So sánh ngày: Yêu cầu=2025-03-06, Môn học=2024-12-24T00:00:00
2025-03-06 02:33:55,835 - DEBUG - So sánh ngày: Yêu cầu=2025-03-06, Môn học=2024-12-25T00:00:00
2025-03-06 02:33:55,836 - DEBUG - So sánh ngày: Yêu cầu=2025-03-06, Môn học=2024-12-26T00:00:00
2025-03-06 02:33:55,836 - DEBUG - So sánh ngày: Yêu cầu=2025-03-06, Môn học=2024-12-27T00:00:00
2025-03-06 02:33:55,836 - DEBUG - So sánh ngày: Yêu cầu=2025-03-06, Môn học=2024-12-31T00:00:00
2025-03-06 02:33:55,836 - DEBUG - So sánh ngày: Yêu cầu=2025-03-06, Môn học=2025-01-01T00:00:00
2025-03-06 02:33:55,836 - DEBUG - So sánh ngày: Yêu cầu=2025-03-06, Môn học=2025-01-02T00:00:00
2025-03-06 02:33:55,837 - DEBUG - So sánh ngày: Yêu cầu=2025-03-06, Môn học=2025-01-03T00:00:00
2025-03-06 02:33:55,837 - DEBUG - So sánh ngày: Yêu cầu=2025-03-06, Môn học=2025-01-07T00:00:00
2025-03-06 02:33:55,837 - DEBUG - So sánh ngày: Yêu cầu=2025-03-06, Môn học=2025-01-08T00:00:00
2025-03-06 02:33:55,837 - DEBUG - So sánh ngày: Yêu cầu=2025-03-06, Môn học=2025-01-08T00:00:00
2025-03-06 02:33:55,837 - DEBUG - So sánh ngày: Yêu cầu=2025-03-06, Môn học=2025-01-10T00:00:00
2025-03-06 02:33:55,837 - DEBUG - So sánh ngày: Yêu cầu=2025-03-06, Môn học=2025-01-11T00:00:00
2025-03-06 02:33:55,838 - DEBUG - So sánh ngày: Yêu cầu=2025-03-06, Môn học=2025-01-12T00:00:00
2025-03-06 02:33:55,838 - DEBUG - So sánh ngày: Yêu cầu=2025-03-06, Môn học=2025-01-14T00:00:00
2025-03-06 02:33:55,838 - DEBUG - So sánh ngày: Yêu cầu=2025-03-06, Môn học=2025-01-15T00:00:00
2025-03-06 02:33:55,838 - DEBUG - So sánh ngày: Yêu cầu=2025-03-06, Môn học=2025-01-16T00:00:00
2025-03-06 02:33:55,839 - DEBUG - So sánh ngày: Yêu cầu=2025-03-06, Môn học=2025-01-17T00:00:00
2025-03-06 02:33:55,839 - DEBUG - So sánh ngày: Yêu cầu=2025-03-06, Môn học=2025-02-11T00:00:00
2025-03-06 02:33:55,839 - DEBUG - So sánh ngày: Yêu cầu=2025-03-06, Môn học=2025-02-12T00:00:00
2025-03-06 02:33:55,839 - DEBUG - So sánh ngày: Yêu cầu=2025-03-06, Môn học=2025-02-13T00:00:00
2025-03-06 02:33:55,839 - DEBUG - So sánh ngày: Yêu cầu=2025-03-06, Môn học=2025-02-14T00:00:00
2025-03-06 02:33:55,839 - DEBUG - So sánh ngày: Yêu cầu=2025-03-06, Môn học=2025-02-15T00:00:00
2025-03-06 02:33:55,839 - DEBUG - So sánh ngày: Yêu cầu=2025-03-06, Môn học=2025-02-15T00:00:00
2025-03-06 02:33:55,840 - DEBUG - So sánh ngày: Yêu cầu=2025-03-06, Môn học=2025-02-16T00:00:00
2025-03-06 02:33:55,840 - DEBUG - So sánh ngày: Yêu cầu=2025-03-06, Môn học=2025-02-16T00:00:00
2025-03-06 02:33:55,840 - DEBUG - So sánh ngày: Yêu cầu=2025-03-06, Môn học=2025-02-18T00:00:00
2025-03-06 02:33:55,841 - DEBUG - So sánh ngày: Yêu cầu=2025-03-06, Môn học=2025-02-19T00:00:00
2025-03-06 02:33:55,841 - DEBUG - So sánh ngày: Yêu cầu=2025-03-06, Môn học=2025-02-22T00:00:00
2025-03-06 02:33:55,841 - DEBUG - So sánh ngày: Yêu cầu=2025-03-06, Môn học=2025-02-22T00:00:00
2025-03-06 02:33:55,841 - DEBUG - So sánh ngày: Yêu cầu=2025-03-06, Môn học=2025-02-23T00:00:00
2025-03-06 02:33:55,841 - DEBUG - So sánh ngày: Yêu cầu=2025-03-06, Môn học=2025-02-23T00:00:00
2025-03-06 02:33:55,841 - DEBUG - So sánh ngày: Yêu cầu=2025-03-06, Môn học=2025-02-25T00:00:00
2025-03-06 02:33:55,842 - DEBUG - So sánh ngày: Yêu cầu=2025-03-06, Môn học=2025-02-26T00:00:00
2025-03-06 02:33:55,842 - DEBUG - So sánh ngày: Yêu cầu=2025-03-06, Môn học=2025-02-27T00:00:00
2025-03-06 02:33:55,842 - DEBUG - So sánh ngày: Yêu cầu=2025-03-06, Môn học=2025-02-28T00:00:00
2025-03-06 02:33:55,842 - DEBUG - So sánh ngày: Yêu cầu=2025-03-06, Môn học=2025-03-01T00:00:00
2025-03-06 02:33:55,842 - DEBUG - So sánh ngày: Yêu cầu=2025-03-06, Môn học=2025-03-01T00:00:00
2025-03-06 02:33:55,842 - DEBUG - So sánh ngày: Yêu cầu=2025-03-06, Môn học=2025-03-02T00:00:00
2025-03-06 02:33:55,842 - DEBUG - So sánh ngày: Yêu cầu=2025-03-06, Môn học=2025-03-02T00:00:00
2025-03-06 02:33:55,843 - DEBUG - So sánh ngày: Yêu cầu=2025-03-06, Môn học=2025-03-04T00:00:00
2025-03-06 02:33:55,843 - DEBUG - So sánh ngày: Yêu cầu=2025-03-06, Môn học=2025-03-05T00:00:00
2025-03-06 02:33:55,843 - DEBUG - So sánh ngày: Yêu cầu=2025-03-06, Môn học=2025-03-06T00:00:00
2025-03-06 02:33:55,843 - DEBUG - So sánh ngày: Yêu cầu=2025-03-06, Môn học=2025-03-07T00:00:00
2025-03-06 02:33:55,843 - DEBUG - So sánh ngày: Yêu cầu=2025-03-06, Môn học=2025-03-08T00:00:00
2025-03-06 02:33:55,844 - DEBUG - So sánh ngày: Yêu cầu=2025-03-06, Môn học=2025-03-08T00:00:00
2025-03-06 02:33:55,844 - DEBUG - So sánh ngày: Yêu cầu=2025-03-06, Môn học=2025-03-09T00:00:00
2025-03-06 02:33:55,844 - DEBUG - So sánh ngày: Yêu cầu=2025-03-06, Môn học=2025-03-09T00:00:00
2025-03-06 02:33:55,844 - DEBUG - So sánh ngày: Yêu cầu=2025-03-06, Môn học=2025-03-11T00:00:00
2025-03-06 02:33:55,844 - DEBUG - So sánh ngày: Yêu cầu=2025-03-06, Môn học=2025-03-12T00:00:00
2025-03-06 02:33:55,845 - DEBUG - So sánh ngày: Yêu cầu=2025-03-06, Môn học=2025-03-13T00:00:00
2025-03-06 02:33:55,845 - DEBUG - So sánh ngày: Yêu cầu=2025-03-06, Môn học=2025-03-14T00:00:00
2025-03-06 02:33:55,846 - DEBUG - So sánh ngày: Yêu cầu=2025-03-06, Môn học=2025-03-15T00:00:00
2025-03-06 02:33:55,846 - DEBUG - So sánh ngày: Yêu cầu=2025-03-06, Môn học=2025-03-15T00:00:00
2025-03-06 02:33:55,846 - DEBUG - So sánh ngày: Yêu cầu=2025-03-06, Môn học=2025-03-16T00:00:00
2025-03-06 02:33:55,846 - DEBUG - So sánh ngày: Yêu cầu=2025-03-06, Môn học=2025-03-16T00:00:00
2025-03-06 02:33:55,846 - DEBUG - So sánh ngày: Yêu cầu=2025-03-06, Môn học=2025-03-18T00:00:00
2025-03-06 02:33:55,847 - DEBUG - So sánh ngày: Yêu cầu=2025-03-06, Môn học=2025-03-19T00:00:00
2025-03-06 02:33:55,847 - DEBUG - So sánh ngày: Yêu cầu=2025-03-06, Môn học=2025-03-20T00:00:00
2025-03-06 02:33:55,847 - DEBUG - So sánh ngày: Yêu cầu=2025-03-06, Môn học=2025-03-21T00:00:00
2025-03-06 02:33:55,847 - DEBUG - So sánh ngày: Yêu cầu=2025-03-06, Môn học=2025-03-22T00:00:00
2025-03-06 02:33:55,847 - DEBUG - So sánh ngày: Yêu cầu=2025-03-06, Môn học=2025-03-22T00:00:00
2025-03-06 02:33:55,848 - DEBUG - So sánh ngày: Yêu cầu=2025-03-06, Môn học=2025-03-23T00:00:00
2025-03-06 02:33:55,848 - DEBUG - So sánh ngày: Yêu cầu=2025-03-06, Môn học=2025-03-23T00:00:00
2025-03-06 02:33:55,848 - DEBUG - So sánh ngày: Yêu cầu=2025-03-06, Môn học=2025-03-25T00:00:00
2025-03-06 02:33:55,848 - DEBUG - So sánh ngày: Yêu cầu=2025-03-06, Môn học=2025-03-26T00:00:00
2025-03-06 02:33:55,848 - DEBUG - So sánh ngày: Yêu cầu=2025-03-06, Môn học=2025-03-27T00:00:00
2025-03-06 02:33:55,848 - DEBUG - So sánh ngày: Yêu cầu=2025-03-06, Môn học=2025-03-28T00:00:00
2025-03-06 02:33:55,849 - DEBUG - So sánh ngày: Yêu cầu=2025-03-06, Môn học=2025-03-29T00:00:00
2025-03-06 02:33:55,849 - DEBUG - So sánh ngày: Yêu cầu=2025-03-06, Môn học=2025-03-30T00:00:00
2025-03-06 02:33:55,849 - DEBUG - So sánh ngày: Yêu cầu=2025-03-06, Môn học=2025-04-01T00:00:00
2025-03-06 02:33:55,849 - DEBUG - So sánh ngày: Yêu cầu=2025-03-06, Môn học=2025-04-02T00:00:00
2025-03-06 02:33:55,849 - DEBUG - So sánh ngày: Yêu cầu=2025-03-06, Môn học=2025-04-03T00:00:00
2025-03-06 02:33:55,850 - DEBUG - So sánh ngày: Yêu cầu=2025-03-06, Môn học=2025-04-04T00:00:00
2025-03-06 02:33:55,850 - DEBUG - So sánh ngày: Yêu cầu=2025-03-06, Môn học=2025-04-08T00:00:00
2025-03-06 02:33:55,850 - DEBUG - So sánh ngày: Yêu cầu=2025-03-06, Môn học=2025-04-09T00:00:00
2025-03-06 02:33:55,850 - DEBUG - So sánh ngày: Yêu cầu=2025-03-06, Môn học=2025-04-10T00:00:00
2025-03-06 02:33:55,850 - DEBUG - So sánh ngày: Yêu cầu=2025-03-06, Môn học=2025-04-11T00:00:00
2025-03-06 02:33:55,850 - DEBUG - So sánh ngày: Yêu cầu=2025-03-06, Môn học=2025-04-15T00:00:00
2025-03-06 02:33:55,851 - DEBUG - So sánh ngày: Yêu cầu=2025-03-06, Môn học=2025-04-16T00:00:00
2025-03-06 02:33:55,851 - DEBUG - So sánh ngày: Yêu cầu=2025-03-06, Môn học=2025-04-17T00:00:00
2025-03-06 02:33:55,851 - DEBUG - So sánh ngày: Yêu cầu=2025-03-06, Môn học=2025-04-18T00:00:00
2025-03-06 02:33:55,851 - DEBUG - So sánh ngày: Yêu cầu=2025-03-06, Môn học=2025-04-22T00:00:00
2025-03-06 02:33:55,851 - DEBUG - So sánh ngày: Yêu cầu=2025-03-06, Môn học=2025-04-23T00:00:00
2025-03-06 02:33:55,851 - DEBUG - So sánh ngày: Yêu cầu=2025-03-06, Môn học=2025-04-24T00:00:00
2025-03-06 02:33:55,852 - DEBUG - So sánh ngày: Yêu cầu=2025-03-06, Môn học=2025-04-25T00:00:00
2025-03-06 02:33:55,852 - DEBUG - So sánh ngày: Yêu cầu=2025-03-06, Môn học=2025-05-07T00:00:00
2025-03-06 02:33:55,852 - DEBUG - So sánh ngày: Yêu cầu=2025-03-06, Môn học=2025-05-08T00:00:00
2025-03-06 02:33:55,852 - DEBUG - So sánh ngày: Yêu cầu=2025-03-06, Môn học=2025-05-14T00:00:00
2025-03-06 02:33:55,852 - DEBUG - So sánh ngày: Yêu cầu=2025-03-06, Môn học=2025-05-15T00:00:00
2025-03-06 02:33:55,852 - DEBUG - So sánh ngày: Yêu cầu=2025-03-06, Môn học=2025-05-21T00:00:00
2025-03-06 02:33:55,853 - DEBUG - So sánh ngày: Yêu cầu=2025-03-06, Môn học=2025-05-22T00:00:00
2025-03-06 02:34:37,590 - DEBUG - Sử dụng phiên đăng nhập hiện có cho yêu cầu TKB
2025-03-06 02:34:37,590 - DEBUG - Gửi yêu cầu lấy thời khóa biểu
2025-03-06 02:34:38,864 - DEBUG - Đã nhận được dữ liệu thời khóa biểu thành công
2025-03-06 02:34:38,866 - DEBUG - So sánh ngày: Yêu cầu=2025-03-07, Môn học=2024-09-04T00:00:00
2025-03-06 02:34:38,867 - DEBUG - So sánh ngày: Yêu cầu=2025-03-07, Môn học=2024-09-05T00:00:00
2025-03-06 02:34:38,867 - DEBUG - So sánh ngày: Yêu cầu=2025-03-07, Môn học=2024-09-06T00:00:00
2025-03-06 02:34:38,867 - DEBUG - So sánh ngày: Yêu cầu=2025-03-07, Môn học=2024-09-10T00:00:00
2025-03-06 02:34:38,867 - DEBUG - So sánh ngày: Yêu cầu=2025-03-07, Môn học=2024-09-10T00:00:00
2025-03-06 02:34:38,867 - DEBUG - So sánh ngày: Yêu cầu=2025-03-07, Môn học=2024-09-11T00:00:00
2025-03-06 02:34:38,867 - DEBUG - So sánh ngày: Yêu cầu=2025-03-07, Môn học=2024-09-12T00:00:00
2025-03-06 02:34:38,867 - DEBUG - So sánh ngày: Yêu cầu=2025-03-07, Môn học=2024-09-13T00:00:00
2025-03-06 02:34:38,868 - DEBUG - So sánh ngày: Yêu cầu=2025-03-07, Môn học=2024-09-17T00:00:00
2025-03-06 02:34:38,868 - DEBUG - So sánh ngày: Yêu cầu=2025-03-07, Môn học=2024-09-17T00:00:00
2025-03-06 02:34:38,868 - DEBUG - So sánh ngày: Yêu cầu=2025-03-07, Môn học=2024-09-18T00:00:00
2025-03-06 02:34:38,868 - DEBUG - So sánh ngày: Yêu cầu=2025-03-07, Môn học=2024-09-19T00:00:00
2025-03-06 02:34:38,868 - DEBUG - So sánh ngày: Yêu cầu=2025-03-07, Môn học=2024-09-20T00:00:00
2025-03-06 02:34:38,868 - DEBUG - So sánh ngày: Yêu cầu=2025-03-07, Môn học=2024-09-24T00:00:00
2025-03-06 02:34:38,869 - DEBUG - So sánh ngày: Yêu cầu=2025-03-07, Môn học=2024-09-24T00:00:00
2025-03-06 02:34:38,869 - DEBUG - So sánh ngày: Yêu cầu=2025-03-07, Môn học=2024-09-25T00:00:00
2025-03-06 02:34:38,869 - DEBUG - So sánh ngày: Yêu cầu=2025-03-07, Môn học=2024-09-25T00:00:00
2025-03-06 02:34:38,869 - DEBUG - So sánh ngày: Yêu cầu=2025-03-07, Môn học=2024-09-26T00:00:00
2025-03-06 02:34:38,869 - DEBUG - So sánh ngày: Yêu cầu=2025-03-07, Môn học=2024-09-27T00:00:00
2025-03-06 02:34:38,869 - DEBUG - So sánh ngày: Yêu cầu=2025-03-07, Môn học=2024-10-01T00:00:00
2025-03-06 02:34:38,869 - DEBUG - So sánh ngày: Yêu cầu=2025-03-07, Môn học=2024-10-01T00:00:00
2025-03-06 02:34:38,870 - DEBUG - So sánh ngày: Yêu cầu=2025-03-07, Môn học=2024-10-02T00:00:00
2025-03-06 02:34:38,870 - DEBUG - So sánh ngày: Yêu cầu=2025-03-07, Môn học=2024-10-02T00:00:00
2025-03-06 02:34:38,870 - DEBUG - So sánh ngày: Yêu cầu=2025-03-07, Môn học=2024-10-03T00:00:00
2025-03-06 02:34:38,870 - DEBUG - So sánh ngày: Yêu cầu=2025-03-07, Môn học=2024-10-03T00:00:00
2025-03-06 02:34:38,870 - DEBUG - So sánh ngày: Yêu cầu=2025-03-07, Môn học=2024-10-04T00:00:00
2025-03-06 02:34:38,870 - DEBUG - So sánh ngày: Yêu cầu=2025-03-07, Môn học=2024-10-08T00:00:00
2025-03-06 02:34:38,870 - DEBUG - So sánh ngày: Yêu cầu=2025-03-07, Môn học=2024-10-08T00:00:00
2025-03-06 02:34:38,871 - DEBUG - So sánh ngày: Yêu cầu=2025-03-07, Môn học=2024-10-09T00:00:00
2025-03-06 02:34:38,871 - DEBUG - So sánh ngày: Yêu cầu=2025-03-07, Môn học=2024-10-09T00:00:00
2025-03-06 02:34:38,871 - DEBUG - So sánh ngày: Yêu cầu=2025-03-07, Môn học=2024-10-10T00:00:00
2025-03-06 02:34:38,871 - DEBUG - So sánh ngày: Yêu cầu=2025-03-07, Môn học=2024-10-10T00:00:00
2025-03-06 02:34:38,871 - DEBUG - So sánh ngày: Yêu cầu=2025-03-07, Môn học=2024-10-11T00:00:00
2025-03-06 02:34:38,871 - DEBUG - So sánh ngày: Yêu cầu=2025-03-07, Môn học=2024-10-15T00:00:00
2025-03-06 02:34:38,871 - DEBUG - So sánh ngày: Yêu cầu=2025-03-07, Môn học=2024-10-15T00:00:00
2025-03-06 02:34:38,871 - DEBUG - So sánh ngày: Yêu cầu=2025-03-07, Môn học=2024-10-16T00:00:00
2025-03-06 02:34:38,872 - DEBUG - So sánh ngày: Yêu cầu=2025-03-07, Môn học=2024-10-16T00:00:00
2025-03-06 02:34:38,872 - DEBUG - So sánh ngày: Yêu cầu=2025-03-07, Môn học=2024-10-17T00:00:00
2025-03-06 02:34:38,872 - DEBUG - So sánh ngày: Yêu cầu=2025-03-07, Môn học=2024-10-17T00:00:00
2025-03-06 02:34:38,872 - DEBUG - So sánh ngày: Yêu cầu=2025-03-07, Môn học=2024-10-18T00:00:00
2025-03-06 02:34:38,873 - DEBUG - So sánh ngày: Yêu cầu=2025-03-07, Môn học=2024-10-22T00:00:00
2025-03-06 02:34:38,873 - DEBUG - So sánh ngày: Yêu cầu=2025-03-07, Môn học=2024-10-22T00:00:00
2025-03-06 02:34:38,873 - DEBUG - So sánh ngày: Yêu cầu=2025-03-07, Môn học=2024-10-23T00:00:00
2025-03-06 02:34:38,873 - DEBUG - So sánh ngày: Yêu cầu=2025-03-07, Môn học=2024-10-23T00:00:00
2025-03-06 02:34:38,873 - DEBUG - So sánh ngày: Yêu cầu=2025-03-07, Môn học=2024-10-24T00:00:00
2025-03-06 02:34:38,873 - DEBUG - So sánh ngày: Yêu cầu=2025-03-07, Môn học=2024-10-24T00:00:00
2025-03-06 02:34:38,873 - DEBUG - So sánh ngày: Yêu cầu=2025-03-07, Môn học=2024-10-25T00:00:00
2025-03-06 02:34:38,874 - DEBUG - So sánh ngày: Yêu cầu=2025-03-07, Môn học=2024-10-29T00:00:00
2025-03-06 02:34:38,874 - DEBUG - So sánh ngày: Yêu cầu=2025-03-07, Môn học=2024-10-29T00:00:00
2025-03-06 02:34:38,874 - DEBUG - So sánh ngày: Yêu cầu=2025-03-07, Môn học=2024-10-30T00:00:00
2025-03-06 02:34:38,874 - DEBUG - So sánh ngày: Yêu cầu=2025-03-07, Môn học=2024-10-30T00:00:00
2025-03-06 02:34:38,874 - DEBUG - So sánh ngày: Yêu cầu=2025-03-07, Môn học=2024-10-31T00:00:00
2025-03-06 02:34:38,874 - DEBUG - So sánh ngày: Yêu cầu=2025-03-07, Môn học=2024-10-31T00:00:00
2025-03-06 02:34:38,874 - DEBUG - So sánh ngày: Yêu cầu=2025-03-07, Môn học=2024-11-01T00:00:00
2025-03-06 02:34:38,875 - DEBUG - So sánh ngày: Yêu cầu=2025-03-07, Môn học=2024-11-05T00:00:00
2025-03-06 02:34:38,875 - DEBUG - So sánh ngày: Yêu cầu=2025-03-07, Môn học=2024-11-05T00:00:00
2025-03-06 02:34:38,875 - DEBUG - So sánh ngày: Yêu cầu=2025-03-07, Môn học=2024-11-06T00:00:00
2025-03-06 02:34:38,875 - DEBUG - So sánh ngày: Yêu cầu=2025-03-07, Môn học=2024-11-06T00:00:00
2025-03-06 02:34:38,875 - DEBUG - So sánh ngày: Yêu cầu=2025-03-07, Môn học=2024-11-07T00:00:00
2025-03-06 02:34:38,875 - DEBUG - So sánh ngày: Yêu cầu=2025-03-07, Môn học=2024-11-07T00:00:00
2025-03-06 02:34:38,875 - DEBUG - So sánh ngày: Yêu cầu=2025-03-07, Môn học=2024-11-08T00:00:00
2025-03-06 02:34:38,876 - DEBUG - So sánh ngày: Yêu cầu=2025-03-07, Môn học=2024-11-12T00:00:00
2025-03-06 02:34:38,876 - DEBUG - So sánh ngày: Yêu cầu=2025-03-07, Môn học=2024-11-12T00:00:00
2025-03-06 02:34:38,876 - DEBUG - So sánh ngày: Yêu cầu=2025-03-07, Môn học=2024-11-13T00:00:00
2025-03-06 02:34:38,876 - DEBUG - So sánh ngày: Yêu cầu=2025-03-07, Môn học=2024-11-13T00:00:00
2025-03-06 02:34:38,876 - DEBUG - So sánh ngày: Yêu cầu=2025-03-07, Môn học=2024-11-14T00:00:00
2025-03-06 02:34:38,876 - DEBUG - So sánh ngày: Yêu cầu=2025-03-07, Môn học=2024-11-14T00:00:00
2025-03-06 02:34:38,877 - DEBUG - So sánh ngày: Yêu cầu=2025-03-07, Môn học=2024-11-15T00:00:00
2025-03-06 02:34:38,877 - DEBUG - So sánh ngày: Yêu cầu=2025-03-07, Môn học=2024-11-19T00:00:00
2025-03-06 02:34:38,877 - DEBUG - So sánh ngày: Yêu cầu=2025-03-07, Môn học=2024-11-19T00:00:00
2025-03-06 02:34:38,877 - DEBUG - So sánh ngày: Yêu cầu=2025-03-07, Môn học=2024-11-20T00:00:00
2025-03-06 02:34:38,877 - DEBUG - So sánh ngày: Yêu cầu=2025-03-07, Môn học=2024-11-20T00:00:00
2025-03-06 02:34:38,878 - DEBUG - So sánh ngày: Yêu cầu=2025-03-07, Môn học=2024-11-21T00:00:00
2025-03-06 02:34:38,878 - DEBUG - So sánh ngày: Yêu cầu=2025-03-07, Môn học=2024-11-21T00:00:00
2025-03-06 02:34:38,878 - DEBUG - So sánh ngày: Yêu cầu=2025-03-07, Môn học=2024-11-22T00:00:00
2025-03-06 02:34:38,878 - DEBUG - So sánh ngày: Yêu cầu=2025-03-07, Môn học=2024-11-26T00:00:00
2025-03-06 02:34:38,878 - DEBUG - So sánh ngày: Yêu cầu=2025-03-07, Môn học=2024-11-26T00:00:00
2025-03-06 02:34:38,879 - DEBUG - So sánh ngày: Yêu cầu=2025-03-07, Môn học=2024-11-27T00:00:00
2025-03-06 02:34:38,879 - DEBUG - So sánh ngày: Yêu cầu=2025-03-07, Môn học=2024-11-27T00:00:00
2025-03-06 02:34:38,879 - DEBUG - So sánh ngày: Yêu cầu=2025-03-07, Môn học=2024-11-28T00:00:00
2025-03-06 02:34:38,879 - DEBUG - So sánh ngày: Yêu cầu=2025-03-07, Môn học=2024-11-28T00:00:00
2025-03-06 02:34:38,879 - DEBUG - So sánh ngày: Yêu cầu=2025-03-07, Môn học=2024-11-29T00:00:00
2025-03-06 02:34:38,879 - DEBUG - So sánh ngày: Yêu cầu=2025-03-07, Môn học=2024-12-03T00:00:00
2025-03-06 02:34:38,879 - DEBUG - So sánh ngày: Yêu cầu=2025-03-07, Môn học=2024-12-04T00:00:00
2025-03-06 02:34:38,879 - DEBUG - So sánh ngày: Yêu cầu=2025-03-07, Môn học=2024-12-04T00:00:00
2025-03-06 02:34:38,880 - DEBUG - So sánh ngày: Yêu cầu=2025-03-07, Môn học=2024-12-05T00:00:00
2025-03-06 02:34:38,880 - DEBUG - So sánh ngày: Yêu cầu=2025-03-07, Môn học=2024-12-05T00:00:00
2025-03-06 02:34:38,880 - DEBUG - So sánh ngày: Yêu cầu=2025-03-07, Môn học=2024-12-06T00:00:00
2025-03-06 02:34:38,880 - DEBUG - So sánh ngày: Yêu cầu=2025-03-07, Môn học=2024-12-10T00:00:00
2025-03-06 02:34:38,880 - DEBUG - So sánh ngày: Yêu cầu=2025-03-07, Môn học=2024-12-11T00:00:00
2025-03-06 02:34:38,880 - DEBUG - So sánh ngày: Yêu cầu=2025-03-07, Môn học=2024-12-11T00:00:00
2025-03-06 02:34:38,880 - DEBUG - So sánh ngày: Yêu cầu=2025-03-07, Môn học=2024-12-12T00:00:00
2025-03-06 02:34:38,880 - DEBUG - So sánh ngày: Yêu cầu=2025-03-07, Môn học=2024-12-12T00:00:00
2025-03-06 02:34:38,880 - DEBUG - So sánh ngày: Yêu cầu=2025-03-07, Môn học=2024-12-13T00:00:00
2025-03-06 02:34:38,881 - DEBUG - So sánh ngày: Yêu cầu=2025-03-07, Môn học=2024-12-17T00:00:00
2025-03-06 02:34:38,881 - DEBUG - So sánh ngày: Yêu cầu=2025-03-07, Môn học=2024-12-18T00:00:00
2025-03-06 02:34:38,881 - DEBUG - So sánh ngày: Yêu cầu=2025-03-07, Môn học=2024-12-19T00:00:00
2025-03-06 02:34:38,881 - DEBUG - So sánh ngày: Yêu cầu=2025-03-07, Môn học=2024-12-20T00:00:00
2025-03-06 02:34:38,881 - DEBUG - So sánh ngày: Yêu cầu=2025-03-07, Môn học=2024-12-24T00:00:00
2025-03-06 02:34:38,881 - DEBUG - So sánh ngày: Yêu cầu=2025-03-07, Môn học=2024-12-25T00:00:00
2025-03-06 02:34:38,882 - DEBUG - So sánh ngày: Yêu cầu=2025-03-07, Môn học=2024-12-26T00:00:00
2025-03-06 02:34:38,882 - DEBUG - So sánh ngày: Yêu cầu=2025-03-07, Môn học=2024-12-27T00:00:00
2025-03-06 02:34:38,882 - DEBUG - So sánh ngày: Yêu cầu=2025-03-07, Môn học=2024-12-31T00:00:00
2025-03-06 02:34:38,882 - DEBUG - So sánh ngày: Yêu cầu=2025-03-07, Môn học=2025-01-01T00:00:00
2025-03-06 02:34:38,882 - DEBUG - So sánh ngày: Yêu cầu=2025-03-07, Môn học=2025-01-02T00:00:00
2025-03-06 02:34:38,882 - DEBUG - So sánh ngày: Yêu cầu=2025-03-07, Môn học=2025-01-03T00:00:00
2025-03-06 02:34:38,882 - DEBUG - So sánh ngày: Yêu cầu=2025-03-07, Môn học=2025-01-07T00:00:00
2025-03-06 02:34:38,883 - DEBUG - So sánh ngày: Yêu cầu=2025-03-07, Môn học=2025-01-08T00:00:00
2025-03-06 02:34:38,883 - DEBUG - So sánh ngày: Yêu cầu=2025-03-07, Môn học=2025-01-08T00:00:00
2025-03-06 02:34:38,883 - DEBUG - So sánh ngày: Yêu cầu=2025-03-07, Môn học=2025-01-10T00:00:00
2025-03-06 02:34:38,883 - DEBUG - So sánh ngày: Yêu cầu=2025-03-07, Môn học=2025-01-11T00:00:00
2025-03-06 02:34:38,883 - DEBUG - So sánh ngày: Yêu cầu=2025-03-07, Môn học=2025-01-12T00:00:00
2025-03-06 02:34:38,884 - DEBUG - So sánh ngày: Yêu cầu=2025-03-07, Môn học=2025-01-14T00:00:00
2025-03-06 02:34:38,884 - DEBUG - So sánh ngày: Yêu cầu=2025-03-07, Môn học=2025-01-15T00:00:00
2025-03-06 02:34:38,884 - DEBUG - So sánh ngày: Yêu cầu=2025-03-07, Môn học=2025-01-16T00:00:00
2025-03-06 02:34:38,884 - DEBUG - So sánh ngày: Yêu cầu=2025-03-07, Môn học=2025-01-17T00:00:00
2025-03-06 02:34:38,884 - DEBUG - So sánh ngày: Yêu cầu=2025-03-07, Môn học=2025-02-11T00:00:00
2025-03-06 02:34:38,884 - DEBUG - So sánh ngày: Yêu cầu=2025-03-07, Môn học=2025-02-12T00:00:00
2025-03-06 02:34:38,884 - DEBUG - So sánh ngày: Yêu cầu=2025-03-07, Môn học=2025-02-13T00:00:00
2025-03-06 02:34:38,885 - DEBUG - So sánh ngày: Yêu cầu=2025-03-07, Môn học=2025-02-14T00:00:00
2025-03-06 02:34:38,885 - DEBUG - So sánh ngày: Yêu cầu=2025-03-07, Môn học=2025-02-15T00:00:00
2025-03-06 02:34:38,885 - DEBUG - So sánh ngày: Yêu cầu=2025-03-07, Môn học=2025-02-15T00:00:00
2025-03-06 02:34:38,885 - DEBUG - So sánh ngày: Yêu cầu=2025-03-07, Môn học=2025-02-16T00:00:00
2025-03-06 02:34:38,885 - DEBUG - So sánh ngày: Yêu cầu=2025-03-07, Môn học=2025-02-16T00:00:00
2025-03-06 02:34:38,885 - DEBUG - So sánh ngày: Yêu cầu=2025-03-07, Môn học=2025-02-18T00:00:00
2025-03-06 02:34:38,885 - DEBUG - So sánh ngày: Yêu cầu=2025-03-07, Môn học=2025-02-19T00:00:00
2025-03-06 02:34:38,885 - DEBUG - So sánh ngày: Yêu cầu=2025-03-07, Môn học=2025-02-22T00:00:00
2025-03-06 02:34:38,886 - DEBUG - So sánh ngày: Yêu cầu=2025-03-07, Môn học=2025-02-22T00:00:00
2025-03-06 02:34:38,886 - DEBUG - So sánh ngày: Yêu cầu=2025-03-07, Môn học=2025-02-23T00:00:00
2025-03-06 02:34:38,886 - DEBUG - So sánh ngày: Yêu cầu=2025-03-07, Môn học=2025-02-23T00:00:00
2025-03-06 02:34:38,886 - DEBUG - So sánh ngày: Yêu cầu=2025-03-07, Môn học=2025-02-25T00:00:00
2025-03-06 02:34:38,886 - DEBUG - So sánh ngày: Yêu cầu=2025-03-07, Môn học=2025-02-26T00:00:00
2025-03-06 02:34:38,886 - DEBUG - So sánh ngày: Yêu cầu=2025-03-07, Môn học=2025-02-27T00:00:00
2025-03-06 02:34:38,886 - DEBUG - So sánh ngày: Yêu cầu=2025-03-07, Môn học=2025-02-28T00:00:00
2025-03-06 02:34:38,886 - DEBUG - So sánh ngày: Yêu cầu=2025-03-07, Môn học=2025-03-01T00:00:00
2025-03-06 02:34:38,887 - DEBUG - So sánh ngày: Yêu cầu=2025-03-07, Môn học=2025-03-01T00:00:00
2025-03-06 02:34:38,887 - DEBUG - So sánh ngày: Yêu cầu=2025-03-07, Môn học=2025-03-02T00:00:00
2025-03-06 02:34:38,887 - DEBUG - So sánh ngày: Yêu cầu=2025-03-07, Môn học=2025-03-02T00:00:00
2025-03-06 02:34:38,887 - DEBUG - So sánh ngày: Yêu cầu=2025-03-07, Môn học=2025-03-04T00:00:00
2025-03-06 02:34:38,887 - DEBUG - So sánh ngày: Yêu cầu=2025-03-07, Môn học=2025-03-05T00:00:00
2025-03-06 02:34:38,887 - DEBUG - So sánh ngày: Yêu cầu=2025-03-07, Môn học=2025-03-06T00:00:00
2025-03-06 02:34:38,887 - DEBUG - So sánh ngày: Yêu cầu=2025-03-07, Môn học=2025-03-07T00:00:00
2025-03-06 02:34:38,888 - DEBUG - So sánh ngày: Yêu cầu=2025-03-07, Môn học=2025-03-08T00:00:00
2025-03-06 02:34:38,888 - DEBUG - So sánh ngày: Yêu cầu=2025-03-07, Môn học=2025-03-08T00:00:00
2025-03-06 02:34:38,888 - DEBUG - So sánh ngày: Yêu cầu=2025-03-07, Môn học=2025-03-09T00:00:00
2025-03-06 02:34:38,889 - DEBUG - So sánh ngày: Yêu cầu=2025-03-07, Môn học=2025-03-09T00:00:00
2025-03-06 02:34:38,889 - DEBUG - So sánh ngày: Yêu cầu=2025-03-07, Môn học=2025-03-11T00:00:00
2025-03-06 02:34:38,889 - DEBUG - So sánh ngày: Yêu cầu=2025-03-07, Môn học=2025-03-12T00:00:00
2025-03-06 02:34:38,889 - DEBUG - So sánh ngày: Yêu cầu=2025-03-07, Môn học=2025-03-13T00:00:00
2025-03-06 02:34:38,889 - DEBUG - So sánh ngày: Yêu cầu=2025-03-07, Môn học=2025-03-14T00:00:00
2025-03-06 02:34:38,889 - DEBUG - So sánh ngày: Yêu cầu=2025-03-07, Môn học=2025-03-15T00:00:00
2025-03-06 02:34:38,889 - DEBUG - So sánh ngày: Yêu cầu=2025-03-07, Môn học=2025-03-15T00:00:00
2025-03-06 02:34:38,889 - DEBUG - So sánh ngày: Yêu cầu=2025-03-07, Môn học=2025-03-16T00:00:00
2025-03-06 02:34:38,890 - DEBUG - So sánh ngày: Yêu cầu=2025-03-07, Môn học=2025-03-16T00:00:00
2025-03-06 02:34:38,890 - DEBUG - So sánh ngày: Yêu cầu=2025-03-07, Môn học=2025-03-18T00:00:00
2025-03-06 02:34:38,890 - DEBUG - So sánh ngày: Yêu cầu=2025-03-07, Môn học=2025-03-19T00:00:00
2025-03-06 02:34:38,890 - DEBUG - So sánh ngày: Yêu cầu=2025-03-07, Môn học=2025-03-20T00:00:00
2025-03-06 02:34:38,890 - DEBUG - So sánh ngày: Yêu cầu=2025-03-07, Môn học=2025-03-21T00:00:00
2025-03-06 02:34:38,890 - DEBUG - So sánh ngày: Yêu cầu=2025-03-07, Môn học=2025-03-22T00:00:00
2025-03-06 02:34:38,890 - DEBUG - So sánh ngày: Yêu cầu=2025-03-07, Môn học=2025-03-22T00:00:00
2025-03-06 02:34:38,890 - DEBUG - So sánh ngày: Yêu cầu=2025-03-07, Môn học=2025-03-23T00:00:00
2025-03-06 02:34:38,891 - DEBUG - So sánh ngày: Yêu cầu=2025-03-07, Môn học=2025-03-23T00:00:00
2025-03-06 02:34:38,891 - DEBUG - So sánh ngày: Yêu cầu=2025-03-07, Môn học=2025-03-25T00:00:00
2025-03-06 02:34:38,891 - DEBUG - So sánh ngày: Yêu cầu=2025-03-07, Môn học=2025-03-26T00:00:00
2025-03-06 02:34:38,891 - DEBUG - So sánh ngày: Yêu cầu=2025-03-07, Môn học=2025-03-27T00:00:00
2025-03-06 02:34:38,891 - DEBUG - So sánh ngày: Yêu cầu=2025-03-07, Môn học=2025-03-28T00:00:00
2025-03-06 02:34:38,891 - DEBUG - So sánh ngày: Yêu cầu=2025-03-07, Môn học=2025-03-29T00:00:00
2025-03-06 02:34:38,891 - DEBUG - So sánh ngày: Yêu cầu=2025-03-07, Môn học=2025-03-30T00:00:00
2025-03-06 02:34:38,892 - DEBUG - So sánh ngày: Yêu cầu=2025-03-07, Môn học=2025-04-01T00:00:00
2025-03-06 02:34:38,892 - DEBUG - So sánh ngày: Yêu cầu=2025-03-07, Môn học=2025-04-02T00:00:00
2025-03-06 02:34:38,892 - DEBUG - So sánh ngày: Yêu cầu=2025-03-07, Môn học=2025-04-03T00:00:00
2025-03-06 02:34:38,892 - DEBUG - So sánh ngày: Yêu cầu=2025-03-07, Môn học=2025-04-04T00:00:00
2025-03-06 02:34:38,892 - DEBUG - So sánh ngày: Yêu cầu=2025-03-07, Môn học=2025-04-08T00:00:00
2025-03-06 02:34:38,892 - DEBUG - So sánh ngày: Yêu cầu=2025-03-07, Môn học=2025-04-09T00:00:00
2025-03-06 02:34:38,892 - DEBUG - So sánh ngày: Yêu cầu=2025-03-07, Môn học=2025-04-10T00:00:00
2025-03-06 02:34:38,893 - DEBUG - So sánh ngày: Yêu cầu=2025-03-07, Môn học=2025-04-11T00:00:00
2025-03-06 02:34:38,893 - DEBUG - So sánh ngày: Yêu cầu=2025-03-07, Môn học=2025-04-15T00:00:00
2025-03-06 02:34:38,893 - DEBUG - So sánh ngày: Yêu cầu=2025-03-07, Môn học=2025-04-16T00:00:00
2025-03-06 02:34:38,893 - DEBUG - So sánh ngày: Yêu cầu=2025-03-07, Môn học=2025-04-17T00:00:00
2025-03-06 02:34:38,893 - DEBUG - So sánh ngày: Yêu cầu=2025-03-07, Môn học=2025-04-18T00:00:00
2025-03-06 02:34:38,893 - DEBUG - So sánh ngày: Yêu cầu=2025-03-07, Môn học=2025-04-22T00:00:00
2025-03-06 02:34:38,893 - DEBUG - So sánh ngày: Yêu cầu=2025-03-07, Môn học=2025-04-23T00:00:00
2025-03-06 02:34:38,893 - DEBUG - So sánh ngày: Yêu cầu=2025-03-07, Môn học=2025-04-24T00:00:00
2025-03-06 02:34:38,894 - DEBUG - So sánh ngày: Yêu cầu=2025-03-07, Môn học=2025-04-25T00:00:00
2025-03-06 02:34:38,894 - DEBUG - So sánh ngày: Yêu cầu=2025-03-07, Môn học=2025-05-07T00:00:00
2025-03-06 02:34:38,894 - DEBUG - So sánh ngày: Yêu cầu=2025-03-07, Môn học=2025-05-08T00:00:00
2025-03-06 02:34:38,894 - DEBUG - So sánh ngày: Yêu cầu=2025-03-07, Môn học=2025-05-14T00:00:00
2025-03-06 02:34:38,894 - DEBUG - So sánh ngày: Yêu cầu=2025-03-07, Môn học=2025-05-15T00:00:00
2025-03-06 02:34:38,895 - DEBUG - So sánh ngày: Yêu cầu=2025-03-07, Môn học=2025-05-21T00:00:00
2025-03-06 02:34:38,895 - DEBUG - So sánh ngày: Yêu cầu=2025-03-07, Môn học=2025-05-22T00:00:00
2025-03-06 02:38:13,965 - INFO - Đang dừng tác vụ: refresh_token
2025-03-06 02:38:13,965 - INFO - Đang dừng tác vụ: save_users
2025-03-06 02:38:13,966 - INFO - Đang dừng tác vụ: reminder
2025-03-06 02:38:13,966 - INFO - Đã lưu danh sách 0 người dùng đăng ký
2025-03-06 02:38:13,967 - DEBUG - Đóng session HTTP hiện tại
2025-03-06 02:38:13,967 - INFO - Đang dừng bot Telegram...
2025-03-06 02:38:14,449 - INFO - Bot đã dừng hoàn toàn. Tạm biệt!
2025-03-06 02:38:14,801 - INFO - Mức độ log: DEBUG
2025-03-06 02:38:14,883 - INFO - 🚀 Bot khởi động vào: 06/03/2025 09:38:14
2025-03-06 02:38:14,884 - INFO - Đã tải 0 người dùng đã đăng ký từ file
2025-03-06 02:38:14,884 - INFO - 🔄 Khởi tạo phiên đăng nhập TTVU ban đầu...
2025-03-06 02:38:14,884 - DEBUG - Tạo session HTTP mới
2025-03-06 02:38:14,884 - INFO - 📝 Bắt đầu quá trình đăng nhập TTVU...
2025-03-06 02:38:15,277 - INFO - ✅ Đăng nhập TTVU thành công! (thời gian: 09:38:15)
2025-03-06 02:38:15,937 - INFO - 🚀 Bot Telegram đã khởi động!
2025-03-06 02:38:15,938 - INFO - 🚀 Tất cả các tác vụ đã được khởi động!
2025-03-06 02:38:21,276 - DEBUG - Sử dụng phiên đăng nhập hiện có cho yêu cầu TKB
2025-03-06 02:38:21,276 - DEBUG - Gửi yêu cầu lấy thời khóa biểu
2025-03-06 02:38:22,571 - DEBUG - Đã nhận được dữ liệu thời khóa biểu thành công
2025-03-06 02:38:52,248 - DEBUG - Sử dụng phiên đăng nhập hiện có cho yêu cầu TKB
2025-03-06 02:38:52,248 - DEBUG - Gửi yêu cầu lấy thời khóa biểu
2025-03-06 02:38:54,039 - DEBUG - Đã nhận được dữ liệu thời khóa biểu thành công
